// Jest Snapshot v1, https://goo.gl/fbAQLP

exports[`aws-cost-calculator stack 1`] = `
Object {
  "Outputs": Object {
    "apiPath": Object {
      "Description": "Path of the API",
      "Value": "/",
    },
    "awscostcalculatorapitestEndpoint6B86FFC5": Object {
      "Value": Object {
        "Fn::Join": Array [
          "",
          Array [
            "https://",
            Object {
              "Ref": "awscostcalculatorapitest8211A1E0",
            },
            ".execute-api.",
            Object {
              "Ref": "AWS::Region",
            },
            ".",
            Object {
              "Ref": "AWS::URLSuffix",
            },
            "/",
            Object {
              "Ref": "awscostcalculatorapitestDeploymentStageprod1D09C140",
            },
            "/",
          ],
        ],
      },
    },
  },
  "Parameters": Object {
    "awscostcalculatortestLambdaSourceBucketNameParameter1DB252EB": Object {
      "Type": "String",
    },
    "awscostcalculatortestLambdaSourceObjectKeyParameter6E534A40": Object {
      "Type": "String",
    },
  },
  "Resources": Object {
    "awscostcalculatorapitest8211A1E0": Object {
      "Properties": Object {
        "Name": "aws-cost-calculator-api-test",
      },
      "Type": "AWS::ApiGateway::RestApi",
    },
    "awscostcalculatorapitestAccount1451A5B8": Object {
      "DependsOn": Array [
        "awscostcalculatorapitest8211A1E0",
      ],
      "Properties": Object {
        "CloudWatchRoleArn": Object {
          "Fn::GetAtt": Array [
            "awscostcalculatorapitestCloudWatchRoleECAC292B",
            "Arn",
          ],
        },
      },
      "Type": "AWS::ApiGateway::Account",
    },
    "awscostcalculatorapitestCloudWatchRoleECAC292B": Object {
      "Properties": Object {
        "AssumeRolePolicyDocument": Object {
          "Statement": Array [
            Object {
              "Action": "sts:AssumeRole",
              "Effect": "Allow",
              "Principal": Object {
                "Service": "apigateway.amazonaws.com",
              },
            },
          ],
          "Version": "2012-10-17",
        },
        "ManagedPolicyArns": Array [
          Object {
            "Fn::Join": Array [
              "",
              Array [
                "arn:",
                Object {
                  "Ref": "AWS::Partition",
                },
                ":iam::aws:policy/service-role/AmazonAPIGatewayPushToCloudWatchLogs",
              ],
            ],
          },
        ],
      },
      "Type": "AWS::IAM::Role",
    },
    "awscostcalculatorapitestDeployment8A596FEC9b19afc7e7c372ac125a69182b9929fa": Object {
      "DependsOn": Array [
        "awscostcalculatorapitestGET92C948DE",
        "awscostcalculatorapitestgraphqlANYBBBC8CC2",
        "awscostcalculatorapitestgraphql4FAD4174",
      ],
      "Properties": Object {
        "Description": "Automatically created by the RestApi construct",
        "RestApiId": Object {
          "Ref": "awscostcalculatorapitest8211A1E0",
        },
      },
      "Type": "AWS::ApiGateway::Deployment",
    },
    "awscostcalculatorapitestDeploymentStageprod1D09C140": Object {
      "Properties": Object {
        "DeploymentId": Object {
          "Ref": "awscostcalculatorapitestDeployment8A596FEC9b19afc7e7c372ac125a69182b9929fa",
        },
        "RestApiId": Object {
          "Ref": "awscostcalculatorapitest8211A1E0",
        },
        "StageName": "prod",
      },
      "Type": "AWS::ApiGateway::Stage",
    },
    "awscostcalculatorapitestGET92C948DE": Object {
      "Properties": Object {
        "AuthorizationType": "NONE",
        "HttpMethod": "GET",
        "Integration": Object {
          "IntegrationHttpMethod": "POST",
          "Type": "AWS_PROXY",
          "Uri": Object {
            "Fn::Join": Array [
              "",
              Array [
                "arn:",
                Object {
                  "Ref": "AWS::Partition",
                },
                ":apigateway:",
                Object {
                  "Ref": "AWS::Region",
                },
                ":lambda:path/2015-03-31/functions/",
                Object {
                  "Fn::GetAtt": Array [
                    "awscostcalculatortest887ECF70",
                    "Arn",
                  ],
                },
                "/invocations",
              ],
            ],
          },
        },
        "ResourceId": Object {
          "Fn::GetAtt": Array [
            "awscostcalculatorapitest8211A1E0",
            "RootResourceId",
          ],
        },
        "RestApiId": Object {
          "Ref": "awscostcalculatorapitest8211A1E0",
        },
      },
      "Type": "AWS::ApiGateway::Method",
    },
    "awscostcalculatorapitestGETApiPermissionTestawscostcalculatorawscostcalculatorapitest762E7AC0GETC305F84D": Object {
      "Properties": Object {
        "Action": "lambda:InvokeFunction",
        "FunctionName": Object {
          "Fn::GetAtt": Array [
            "awscostcalculatortest887ECF70",
            "Arn",
          ],
        },
        "Principal": "apigateway.amazonaws.com",
        "SourceArn": Object {
          "Fn::Join": Array [
            "",
            Array [
              "arn:",
              Object {
                "Ref": "AWS::Partition",
              },
              ":execute-api:",
              Object {
                "Ref": "AWS::Region",
              },
              ":",
              Object {
                "Ref": "AWS::AccountId",
              },
              ":",
              Object {
                "Ref": "awscostcalculatorapitest8211A1E0",
              },
              "/test-invoke-stage/GET/",
            ],
          ],
        },
      },
      "Type": "AWS::Lambda::Permission",
    },
    "awscostcalculatorapitestGETApiPermissionawscostcalculatorawscostcalculatorapitest762E7AC0GET80A79607": Object {
      "Properties": Object {
        "Action": "lambda:InvokeFunction",
        "FunctionName": Object {
          "Fn::GetAtt": Array [
            "awscostcalculatortest887ECF70",
            "Arn",
          ],
        },
        "Principal": "apigateway.amazonaws.com",
        "SourceArn": Object {
          "Fn::Join": Array [
            "",
            Array [
              "arn:",
              Object {
                "Ref": "AWS::Partition",
              },
              ":execute-api:",
              Object {
                "Ref": "AWS::Region",
              },
              ":",
              Object {
                "Ref": "AWS::AccountId",
              },
              ":",
              Object {
                "Ref": "awscostcalculatorapitest8211A1E0",
              },
              "/",
              Object {
                "Ref": "awscostcalculatorapitestDeploymentStageprod1D09C140",
              },
              "/GET/",
            ],
          ],
        },
      },
      "Type": "AWS::Lambda::Permission",
    },
    "awscostcalculatorapitestgraphql4FAD4174": Object {
      "Properties": Object {
        "ParentId": Object {
          "Fn::GetAtt": Array [
            "awscostcalculatorapitest8211A1E0",
            "RootResourceId",
          ],
        },
        "PathPart": "graphql",
        "RestApiId": Object {
          "Ref": "awscostcalculatorapitest8211A1E0",
        },
      },
      "Type": "AWS::ApiGateway::Resource",
    },
    "awscostcalculatorapitestgraphqlANYApiPermissionTestawscostcalculatorawscostcalculatorapitest762E7AC0ANYgraphql28CCD853": Object {
      "Properties": Object {
        "Action": "lambda:InvokeFunction",
        "FunctionName": Object {
          "Fn::GetAtt": Array [
            "awscostcalculatortest887ECF70",
            "Arn",
          ],
        },
        "Principal": "apigateway.amazonaws.com",
        "SourceArn": Object {
          "Fn::Join": Array [
            "",
            Array [
              "arn:",
              Object {
                "Ref": "AWS::Partition",
              },
              ":execute-api:",
              Object {
                "Ref": "AWS::Region",
              },
              ":",
              Object {
                "Ref": "AWS::AccountId",
              },
              ":",
              Object {
                "Ref": "awscostcalculatorapitest8211A1E0",
              },
              "/test-invoke-stage/*/graphql",
            ],
          ],
        },
      },
      "Type": "AWS::Lambda::Permission",
    },
    "awscostcalculatorapitestgraphqlANYApiPermissionawscostcalculatorawscostcalculatorapitest762E7AC0ANYgraphql2E57AD6C": Object {
      "Properties": Object {
        "Action": "lambda:InvokeFunction",
        "FunctionName": Object {
          "Fn::GetAtt": Array [
            "awscostcalculatortest887ECF70",
            "Arn",
          ],
        },
        "Principal": "apigateway.amazonaws.com",
        "SourceArn": Object {
          "Fn::Join": Array [
            "",
            Array [
              "arn:",
              Object {
                "Ref": "AWS::Partition",
              },
              ":execute-api:",
              Object {
                "Ref": "AWS::Region",
              },
              ":",
              Object {
                "Ref": "AWS::AccountId",
              },
              ":",
              Object {
                "Ref": "awscostcalculatorapitest8211A1E0",
              },
              "/",
              Object {
                "Ref": "awscostcalculatorapitestDeploymentStageprod1D09C140",
              },
              "/*/graphql",
            ],
          ],
        },
      },
      "Type": "AWS::Lambda::Permission",
    },
    "awscostcalculatorapitestgraphqlANYBBBC8CC2": Object {
      "Properties": Object {
        "AuthorizationType": "NONE",
        "HttpMethod": "ANY",
        "Integration": Object {
          "IntegrationHttpMethod": "POST",
          "Type": "AWS_PROXY",
          "Uri": Object {
            "Fn::Join": Array [
              "",
              Array [
                "arn:",
                Object {
                  "Ref": "AWS::Partition",
                },
                ":apigateway:",
                Object {
                  "Ref": "AWS::Region",
                },
                ":lambda:path/2015-03-31/functions/",
                Object {
                  "Fn::GetAtt": Array [
                    "awscostcalculatortest887ECF70",
                    "Arn",
                  ],
                },
                "/invocations",
              ],
            ],
          },
        },
        "ResourceId": Object {
          "Ref": "awscostcalculatorapitestgraphql4FAD4174",
        },
        "RestApiId": Object {
          "Ref": "awscostcalculatorapitest8211A1E0",
        },
      },
      "Type": "AWS::ApiGateway::Method",
    },
    "awscostcalculatortest887ECF70": Object {
      "DependsOn": Array [
        "awscostcalculatortestServiceRoleC570A1B6",
      ],
      "Properties": Object {
        "Code": Object {
          "S3Bucket": Object {
            "Ref": "awscostcalculatortestLambdaSourceBucketNameParameter1DB252EB",
          },
          "S3Key": Object {
            "Ref": "awscostcalculatortestLambdaSourceObjectKeyParameter6E534A40",
          },
        },
        "FunctionName": "aws-cost-calculator-test",
        "Handler": "dist/lambda.handler",
        "Role": Object {
          "Fn::GetAtt": Array [
            "awscostcalculatortestServiceRoleC570A1B6",
            "Arn",
          ],
        },
        "Runtime": "nodejs14.x",
      },
      "Type": "AWS::Lambda::Function",
    },
    "awscostcalculatortestServiceRoleC570A1B6": Object {
      "Properties": Object {
        "AssumeRolePolicyDocument": Object {
          "Statement": Array [
            Object {
              "Action": "sts:AssumeRole",
              "Effect": "Allow",
              "Principal": Object {
                "Service": "lambda.amazonaws.com",
              },
            },
          ],
          "Version": "2012-10-17",
        },
        "ManagedPolicyArns": Array [
          Object {
            "Fn::Join": Array [
              "",
              Array [
                "arn:",
                Object {
                  "Ref": "AWS::Partition",
                },
                ":iam::aws:policy/service-role/AWSLambdaBasicExecutionRole",
              ],
            ],
          },
        ],
      },
      "Type": "AWS::IAM::Role",
    },
  },
}
`;
