// Jest Snapshot v1, https://goo.gl/fbAQLP

exports[`aws-cost-calculator stack 1`] = `
Object {
  "Outputs": Object {
    "apiPath": Object {
      "Description": "Path of the API",
      "Value": "/",
    },
    "awscostcalculatorapiEndpointCEB131A5": Object {
      "Value": Object {
        "Fn::Join": Array [
          "",
          Array [
            "https://",
            Object {
              "Ref": "awscostcalculatorapiCA13CAA1",
            },
            ".execute-api.",
            Object {
              "Ref": "AWS::Region",
            },
            ".",
            Object {
              "Ref": "AWS::URLSuffix",
            },
            "/",
            Object {
              "Ref": "awscostcalculatorapiDeploymentStageprod2074B5E2",
            },
            "/",
          ],
        ],
      },
    },
  },
  "Parameters": Object {
    "AssetParametersdb433b35df5c6b35a6c06fd7ea0b9dd9b5cada1c9010985385f2548ebbeb6a86ArtifactHash42B6A961": Object {
      "Description": "Artifact hash for asset \\"db433b35df5c6b35a6c06fd7ea0b9dd9b5cada1c9010985385f2548ebbeb6a86\\"",
      "Type": "String",
    },
    "AssetParametersdb433b35df5c6b35a6c06fd7ea0b9dd9b5cada1c9010985385f2548ebbeb6a86S3BucketCB52BBBC": Object {
      "Description": "S3 bucket for asset \\"db433b35df5c6b35a6c06fd7ea0b9dd9b5cada1c9010985385f2548ebbeb6a86\\"",
      "Type": "String",
    },
    "AssetParametersdb433b35df5c6b35a6c06fd7ea0b9dd9b5cada1c9010985385f2548ebbeb6a86S3VersionKeyF0D27919": Object {
      "Description": "S3 key for asset version \\"db433b35df5c6b35a6c06fd7ea0b9dd9b5cada1c9010985385f2548ebbeb6a86\\"",
      "Type": "String",
    },
  },
  "Resources": Object {
    "awscostcalculator1974DCEF": Object {
      "DependsOn": Array [
        "awscostcalculatorServiceRole48262EC8",
      ],
      "Properties": Object {
        "Code": Object {
          "S3Bucket": Object {
            "Ref": "AssetParametersdb433b35df5c6b35a6c06fd7ea0b9dd9b5cada1c9010985385f2548ebbeb6a86S3BucketCB52BBBC",
          },
          "S3Key": Object {
            "Fn::Join": Array [
              "",
              Array [
                Object {
                  "Fn::Select": Array [
                    0,
                    Object {
                      "Fn::Split": Array [
                        "||",
                        Object {
                          "Ref": "AssetParametersdb433b35df5c6b35a6c06fd7ea0b9dd9b5cada1c9010985385f2548ebbeb6a86S3VersionKeyF0D27919",
                        },
                      ],
                    },
                  ],
                },
                Object {
                  "Fn::Select": Array [
                    1,
                    Object {
                      "Fn::Split": Array [
                        "||",
                        Object {
                          "Ref": "AssetParametersdb433b35df5c6b35a6c06fd7ea0b9dd9b5cada1c9010985385f2548ebbeb6a86S3VersionKeyF0D27919",
                        },
                      ],
                    },
                  ],
                },
              ],
            ],
          },
        },
        "FunctionName": "aws-cost-calculator",
        "Handler": "dist/lambda.handler",
        "Role": Object {
          "Fn::GetAtt": Array [
            "awscostcalculatorServiceRole48262EC8",
            "Arn",
          ],
        },
        "Runtime": "nodejs14.x",
      },
      "Type": "AWS::Lambda::Function",
    },
    "awscostcalculatorServiceRole48262EC8": Object {
      "Properties": Object {
        "AssumeRolePolicyDocument": Object {
          "Statement": Array [
            Object {
              "Action": "sts:AssumeRole",
              "Effect": "Allow",
              "Principal": Object {
                "Service": "lambda.amazonaws.com",
              },
            },
          ],
          "Version": "2012-10-17",
        },
        "ManagedPolicyArns": Array [
          Object {
            "Fn::Join": Array [
              "",
              Array [
                "arn:",
                Object {
                  "Ref": "AWS::Partition",
                },
                ":iam::aws:policy/service-role/AWSLambdaBasicExecutionRole",
              ],
            ],
          },
        ],
      },
      "Type": "AWS::IAM::Role",
    },
    "awscostcalculatorapiAccount0214CA2F": Object {
      "DependsOn": Array [
        "awscostcalculatorapiCA13CAA1",
      ],
      "Properties": Object {
        "CloudWatchRoleArn": Object {
          "Fn::GetAtt": Array [
            "awscostcalculatorapiCloudWatchRoleF7FE395A",
            "Arn",
          ],
        },
      },
      "Type": "AWS::ApiGateway::Account",
    },
    "awscostcalculatorapiCA13CAA1": Object {
      "Properties": Object {
        "Name": "aws-cost-calculator-api",
      },
      "Type": "AWS::ApiGateway::RestApi",
    },
    "awscostcalculatorapiCloudWatchRoleF7FE395A": Object {
      "Properties": Object {
        "AssumeRolePolicyDocument": Object {
          "Statement": Array [
            Object {
              "Action": "sts:AssumeRole",
              "Effect": "Allow",
              "Principal": Object {
                "Service": "apigateway.amazonaws.com",
              },
            },
          ],
          "Version": "2012-10-17",
        },
        "ManagedPolicyArns": Array [
          Object {
            "Fn::Join": Array [
              "",
              Array [
                "arn:",
                Object {
                  "Ref": "AWS::Partition",
                },
                ":iam::aws:policy/service-role/AmazonAPIGatewayPushToCloudWatchLogs",
              ],
            ],
          },
        ],
      },
      "Type": "AWS::IAM::Role",
    },
    "awscostcalculatorapiDeploymentF6E916ADd9c62d99fc8311e399dd99751abb96d4": Object {
      "DependsOn": Array [
        "awscostcalculatorapiGETE769F160",
        "awscostcalculatorapigraphqlANYA9F463B3",
        "awscostcalculatorapigraphqlBBB1800C",
      ],
      "Properties": Object {
        "Description": "Automatically created by the RestApi construct",
        "RestApiId": Object {
          "Ref": "awscostcalculatorapiCA13CAA1",
        },
      },
      "Type": "AWS::ApiGateway::Deployment",
    },
    "awscostcalculatorapiDeploymentStageprod2074B5E2": Object {
      "Properties": Object {
        "DeploymentId": Object {
          "Ref": "awscostcalculatorapiDeploymentF6E916ADd9c62d99fc8311e399dd99751abb96d4",
        },
        "RestApiId": Object {
          "Ref": "awscostcalculatorapiCA13CAA1",
        },
        "StageName": "prod",
      },
      "Type": "AWS::ApiGateway::Stage",
    },
    "awscostcalculatorapiGETApiPermissionTestawscostcalculatorawscostcalculatorapiDD133946GETBE46120A": Object {
      "Properties": Object {
        "Action": "lambda:InvokeFunction",
        "FunctionName": Object {
          "Fn::GetAtt": Array [
            "awscostcalculator1974DCEF",
            "Arn",
          ],
        },
        "Principal": "apigateway.amazonaws.com",
        "SourceArn": Object {
          "Fn::Join": Array [
            "",
            Array [
              "arn:",
              Object {
                "Ref": "AWS::Partition",
              },
              ":execute-api:",
              Object {
                "Ref": "AWS::Region",
              },
              ":",
              Object {
                "Ref": "AWS::AccountId",
              },
              ":",
              Object {
                "Ref": "awscostcalculatorapiCA13CAA1",
              },
              "/test-invoke-stage/GET/",
            ],
          ],
        },
      },
      "Type": "AWS::Lambda::Permission",
    },
    "awscostcalculatorapiGETApiPermissionawscostcalculatorawscostcalculatorapiDD133946GETA3AA3713": Object {
      "Properties": Object {
        "Action": "lambda:InvokeFunction",
        "FunctionName": Object {
          "Fn::GetAtt": Array [
            "awscostcalculator1974DCEF",
            "Arn",
          ],
        },
        "Principal": "apigateway.amazonaws.com",
        "SourceArn": Object {
          "Fn::Join": Array [
            "",
            Array [
              "arn:",
              Object {
                "Ref": "AWS::Partition",
              },
              ":execute-api:",
              Object {
                "Ref": "AWS::Region",
              },
              ":",
              Object {
                "Ref": "AWS::AccountId",
              },
              ":",
              Object {
                "Ref": "awscostcalculatorapiCA13CAA1",
              },
              "/",
              Object {
                "Ref": "awscostcalculatorapiDeploymentStageprod2074B5E2",
              },
              "/GET/",
            ],
          ],
        },
      },
      "Type": "AWS::Lambda::Permission",
    },
    "awscostcalculatorapiGETE769F160": Object {
      "Properties": Object {
        "AuthorizationType": "NONE",
        "HttpMethod": "GET",
        "Integration": Object {
          "IntegrationHttpMethod": "POST",
          "Type": "AWS_PROXY",
          "Uri": Object {
            "Fn::Join": Array [
              "",
              Array [
                "arn:",
                Object {
                  "Ref": "AWS::Partition",
                },
                ":apigateway:",
                Object {
                  "Ref": "AWS::Region",
                },
                ":lambda:path/2015-03-31/functions/",
                Object {
                  "Fn::GetAtt": Array [
                    "awscostcalculator1974DCEF",
                    "Arn",
                  ],
                },
                "/invocations",
              ],
            ],
          },
        },
        "ResourceId": Object {
          "Fn::GetAtt": Array [
            "awscostcalculatorapiCA13CAA1",
            "RootResourceId",
          ],
        },
        "RestApiId": Object {
          "Ref": "awscostcalculatorapiCA13CAA1",
        },
      },
      "Type": "AWS::ApiGateway::Method",
    },
    "awscostcalculatorapigraphqlANYA9F463B3": Object {
      "Properties": Object {
        "AuthorizationType": "NONE",
        "HttpMethod": "ANY",
        "Integration": Object {
          "IntegrationHttpMethod": "POST",
          "Type": "AWS_PROXY",
          "Uri": Object {
            "Fn::Join": Array [
              "",
              Array [
                "arn:",
                Object {
                  "Ref": "AWS::Partition",
                },
                ":apigateway:",
                Object {
                  "Ref": "AWS::Region",
                },
                ":lambda:path/2015-03-31/functions/",
                Object {
                  "Fn::GetAtt": Array [
                    "awscostcalculator1974DCEF",
                    "Arn",
                  ],
                },
                "/invocations",
              ],
            ],
          },
        },
        "ResourceId": Object {
          "Ref": "awscostcalculatorapigraphqlBBB1800C",
        },
        "RestApiId": Object {
          "Ref": "awscostcalculatorapiCA13CAA1",
        },
      },
      "Type": "AWS::ApiGateway::Method",
    },
    "awscostcalculatorapigraphqlANYApiPermissionTestawscostcalculatorawscostcalculatorapiDD133946ANYgraphql03458E97": Object {
      "Properties": Object {
        "Action": "lambda:InvokeFunction",
        "FunctionName": Object {
          "Fn::GetAtt": Array [
            "awscostcalculator1974DCEF",
            "Arn",
          ],
        },
        "Principal": "apigateway.amazonaws.com",
        "SourceArn": Object {
          "Fn::Join": Array [
            "",
            Array [
              "arn:",
              Object {
                "Ref": "AWS::Partition",
              },
              ":execute-api:",
              Object {
                "Ref": "AWS::Region",
              },
              ":",
              Object {
                "Ref": "AWS::AccountId",
              },
              ":",
              Object {
                "Ref": "awscostcalculatorapiCA13CAA1",
              },
              "/test-invoke-stage/*/graphql",
            ],
          ],
        },
      },
      "Type": "AWS::Lambda::Permission",
    },
    "awscostcalculatorapigraphqlANYApiPermissionawscostcalculatorawscostcalculatorapiDD133946ANYgraphql74EDB646": Object {
      "Properties": Object {
        "Action": "lambda:InvokeFunction",
        "FunctionName": Object {
          "Fn::GetAtt": Array [
            "awscostcalculator1974DCEF",
            "Arn",
          ],
        },
        "Principal": "apigateway.amazonaws.com",
        "SourceArn": Object {
          "Fn::Join": Array [
            "",
            Array [
              "arn:",
              Object {
                "Ref": "AWS::Partition",
              },
              ":execute-api:",
              Object {
                "Ref": "AWS::Region",
              },
              ":",
              Object {
                "Ref": "AWS::AccountId",
              },
              ":",
              Object {
                "Ref": "awscostcalculatorapiCA13CAA1",
              },
              "/",
              Object {
                "Ref": "awscostcalculatorapiDeploymentStageprod2074B5E2",
              },
              "/*/graphql",
            ],
          ],
        },
      },
      "Type": "AWS::Lambda::Permission",
    },
    "awscostcalculatorapigraphqlBBB1800C": Object {
      "Properties": Object {
        "ParentId": Object {
          "Fn::GetAtt": Array [
            "awscostcalculatorapiCA13CAA1",
            "RootResourceId",
          ],
        },
        "PathPart": "graphql",
        "RestApiId": Object {
          "Ref": "awscostcalculatorapiCA13CAA1",
        },
      },
      "Type": "AWS::ApiGateway::Resource",
    },
  },
}
`;
